\BOOKMARK [1][-]{Doc-Start}{\376\377\000D\000\351\000c\000h\000a\000r\000g\000e}{}% 1
\BOOKMARK [1][-]{Doc-Start}{\376\377\000D\000e\000d\000i\000c\000a\000c\000e}{}% 2
\BOOKMARK [1][-]{Doc-Start}{\376\377\000R\000e\000m\000e\000r\000c\000i\000e\000m\000e\000n\000t\000s}{}% 3
\BOOKMARK [1][-]{Doc-Start}{\376\377\000L\000i\000s\000t\000e\000\040\000d\000e\000s\000\040\000a\000b\000r\000\351\000v\000i\000a\000t\000i\000o\000n\000s}{}% 4
\BOOKMARK [1][-]{Doc-Start}{\376\377\000I\000n\000t\000r\000o\000d\000u\000c\000t\000i\000o\000n\000\040\000g\000\351\000n\000\351\000r\000a\000l\000e}{}% 5
\BOOKMARK [1][-]{section.1}{\376\377\000R\000e\000v\000u\000e\000\040\000d\000e\000\040\000l\000a\000\040\000l\000i\000t\000t\000\351\000r\000a\000t\000u\000r\000e}{}% 6
\BOOKMARK [2][-]{subsection.1.1}{\376\377\000R\000e\000v\000u\000e\000\040\000t\000h\000\351\000o\000r\000i\000q\000u\000e}{section.1}% 7
\BOOKMARK [3][-]{subsubsection.1.1.1}{\376\377\000L\000e\000s\000\040\000t\000r\000a\000n\000s\000f\000e\000r\000t\000s\000\040\000d\000e\000\040\000m\000i\000g\000r\000a\000n\000t\000s\000\040\000:\000\040\000d\000\351\000f\000i\000n\000i\000t\000i\000o\000n\000s\000,\000\040\000a\000m\000p\000l\000e\000u\000r\000\040\000e\000t\000\040\000t\000h\000\351\000o\000r\000i\000e\000s}{subsection.1.1}% 8
\BOOKMARK [3][-]{subsubsection.1.1.2}{\376\377\000C\000a\000n\000a\000u\000x\000\040\000d\000'\000i\000m\000p\000a\000c\000t\000\040\000d\000e\000s\000\040\000t\000r\000a\000n\000s\000f\000e\000r\000t\000s\000\040\000s\000u\000r\000\040\000l\000a\000\040\000p\000a\000u\000v\000r\000e\000t\000\351\000\040\000m\000u\000l\000t\000i\000d\000i\000m\000e\000n\000s\000i\000o\000n\000n\000e\000l\000l\000e\000\040\000d\000e\000s\000\040\000e\000n\000f\000a\000n\000t\000s}{subsection.1.1}% 9
\BOOKMARK [2][-]{subsection.1.2}{\376\377\000R\000e\000v\000u\000e\000\040\000e\000m\000p\000i\000r\000i\000q\000u\000e}{section.1}% 10
\BOOKMARK [3][-]{subsubsection.1.2.1}{\376\377\000I\000m\000p\000a\000c\000t\000\040\000d\000e\000s\000\040\000t\000r\000a\000n\000s\000f\000e\000r\000t\000s\000\040\000s\000u\000r\000\040\000l\000e\000\040\000b\000i\000e\000n\000-\000\352\000t\000r\000e\000\040\000d\000e\000s\000\040\000m\000\351\000n\000a\000g\000e\000s}{subsection.1.2}% 11
\BOOKMARK [3][-]{subsubsection.1.2.2}{\376\377\000E\000f\000f\000e\000t\000s\000\040\000a\000m\000b\000i\000g\000u\000s\000\040\000e\000t\000\040\000l\000i\000m\000i\000t\000e\000s\000\040\000:\000\040\000l\000a\000\040\000m\000i\000s\000e\000\040\000e\000n\000\040\000g\000a\000r\000d\000e\000\040\000d\000e\000\040\000l\000a\000\040\000l\000i\000t\000t\000\351\000r\000a\000t\000u\000r\000e\000\040\000q\000u\000a\000l\000i\000t\000a\000t\000i\000v\000e}{subsection.1.2}% 12
\BOOKMARK [3][-]{subsubsection.1.2.3}{\376\377\000S\000y\000n\000t\000h\000\350\000s\000e\000\040\000d\000e\000\040\000l\000a\000\040\000r\000e\000v\000u\000e\000\040\000e\000m\000p\000i\000r\000i\000q\000u\000e}{subsection.1.2}% 13
\BOOKMARK [3][-]{subsubsection.1.2.4}{\376\377\000T\000r\000a\000n\000s\000f\000e\000r\000t\000s\000\040\000e\000t\000\040\000p\000a\000u\000v\000r\000e\000t\000\351\000\040\000m\000u\000l\000t\000i\000d\000i\000m\000e\000n\000s\000i\000o\000n\000n\000e\000l\000l\000e\000\040\000:\000\040\000b\000i\000l\000a\000n\000\040\000e\000t\000\040\000l\000a\000c\000u\000n\000e\000s}{subsection.1.2}% 14
\BOOKMARK [1][-]{section.2}{\376\377\000D\000o\000n\000n\000\351\000e\000s\000\040\000e\000t\000\040\000m\000\351\000t\000h\000o\000d\000o\000l\000o\000g\000i\000e}{}% 15
\BOOKMARK [2][-]{subsection.2.1}{\376\377\000D\000o\000n\000n\000\351\000e\000s\000\040\000:\000\040\000l\000e\000s\000\040\000e\000n\000q\000u\000\352\000t\000e\000s\000\040\000E\000H\000C\000V\000M\000\040\000I\000\040\000e\000t\000\040\000I\000I}{section.2}% 16
\BOOKMARK [3][-]{subsubsection.2.1.1}{\376\377\000P\000r\000\351\000s\000e\000n\000t\000a\000t\000i\000o\000n\000\040\000d\000e\000s\000\040\000e\000n\000q\000u\000\352\000t\000e\000s}{subsection.2.1}% 17
\BOOKMARK [3][-]{subsubsection.2.1.2}{\376\377\000C\000o\000n\000s\000t\000r\000u\000c\000t\000i\000o\000n\000\040\000d\000e\000\040\000l\000'\000\351\000c\000h\000a\000n\000t\000i\000l\000l\000o\000n}{subsection.2.1}% 18
\BOOKMARK [3][-]{subsubsection.2.1.3}{\376\377\000V\000a\000r\000i\000a\000b\000l\000e\000\040\000d\000e\000\040\000t\000r\000a\000i\000t\000e\000m\000e\000n\000t}{subsection.2.1}% 19
\BOOKMARK [3][-]{subsubsection.2.1.4}{\376\377\000C\000o\000v\000a\000r\000i\000a\000b\000l\000e\000s\000\040\000d\000u\000\040\000m\000o\000d\000\350\000l\000e\000\040\000d\000e\000\040\000p\000r\000o\000p\000e\000n\000s\000i\000o\000n}{subsection.2.1}% 20
\BOOKMARK [2][-]{subsection.2.2}{\376\377\000M\000e\000s\000u\000r\000e\000\040\000d\000e\000\040\000l\000a\000\040\000p\000a\000u\000v\000r\000e\000t\000\351\000\040\000m\000u\000l\000t\000i\000d\000i\000m\000e\000n\000s\000i\000o\000n\000n\000e\000l\000l\000e\000\040\000d\000e\000s\000\040\000e\000n\000f\000a\000n\000t\000s}{section.2}% 21
\BOOKMARK [3][-]{subsubsection.2.2.1}{\376\377\000F\000o\000n\000d\000e\000m\000e\000n\000t\000s\000\040\000c\000o\000n\000c\000e\000p\000t\000u\000e\000l\000s}{subsection.2.2}% 22
\BOOKMARK [3][-]{subsubsection.2.2.2}{\376\377\000P\000r\000e\000m\000i\000\350\000r\000e\000\040\000a\000p\000p\000r\000o\000c\000h\000e\000\040\000:\000\040\000l\000'\000i\000n\000d\000i\000c\000e\000\040\000A\000l\000k\000i\000r\000e\000-\000F\000o\000s\000t\000e\000r\000\040\000\050\000I\000P\000M\000-\000E\000n\000f\000a\000n\000t\000\051}{subsection.2.2}% 23
\BOOKMARK [3][-]{subsubsection.2.2.3}{\376\377\000D\000e\000u\000x\000i\000\350\000m\000e\000\040\000a\000p\000p\000r\000o\000c\000h\000e\000\040\000:\000\040\000M\000O\000D\000A\000\040\000\050\000M\000u\000l\000t\000i\000p\000l\000e\000\040\000O\000v\000e\000r\000l\000a\000p\000p\000i\000n\000g\000\040\000D\000e\000p\000r\000i\000v\000a\000t\000i\000o\000n\000\040\000A\000n\000a\000l\000y\000s\000i\000s\000\051}{subsection.2.2}% 24
\BOOKMARK [3][-]{subsubsection.2.2.4}{\376\377\000V\000a\000r\000i\000a\000b\000l\000e\000s\000\040\000d\000e\000\040\000r\000\351\000s\000u\000l\000t\000a\000t\000\040\000d\000a\000n\000s\000\040\000l\000'\000e\000s\000t\000i\000m\000a\000t\000i\000o\000n\000\040\000P\000S\000M\000-\000D\000D}{subsection.2.2}% 25
\BOOKMARK [2][-]{subsection.2.3}{\376\377\000S\000t\000r\000a\000t\000\351\000g\000i\000e\000\040\000d\000'\000i\000d\000e\000n\000t\000i\000f\000i\000c\000a\000t\000i\000o\000n\000\040\000c\000a\000u\000s\000a\000l\000e\000\040\000:\000\040\000P\000S\000M\000-\000D\000o\000u\000b\000l\000e\000\040\000d\000i\000f\000f\000\351\000r\000e\000n\000c\000e}{section.2}% 26
\BOOKMARK [3][-]{subsubsection.2.3.1}{\376\377\000L\000e\000\040\000c\000a\000d\000r\000e\000\040\000d\000e\000s\000\040\000r\000\351\000s\000u\000l\000t\000a\000t\000s\000\040\000p\000o\000t\000e\000n\000t\000i\000e\000l\000s}{subsection.2.3}% 27
\BOOKMARK [3][-]{subsubsection.2.3.2}{\376\377\000L\000'\000a\000p\000p\000a\000r\000i\000e\000m\000e\000n\000t\000\040\000p\000a\000r\000\040\000s\000c\000o\000r\000e\000\040\000d\000e\000\040\000p\000r\000o\000p\000e\000n\000s\000i\000o\000n\000\040\000\050\000P\000S\000M\000\051}{subsection.2.3}% 28
\BOOKMARK [3][-]{subsubsection.2.3.3}{\376\377\000L\000a\000\040\000d\000o\000u\000b\000l\000e\000\040\000d\000i\000f\000f\000\351\000r\000e\000n\000c\000e\000\040\000\050\000D\000D\000\051}{subsection.2.3}% 29
\BOOKMARK [3][-]{subsubsection.2.3.4}{\376\377\000L\000'\000e\000s\000t\000i\000m\000a\000t\000e\000u\000r\000\040\000P\000S\000M\000-\000D\000D}{subsection.2.3}% 30
\BOOKMARK [3][-]{subsubsection.2.3.5}{\376\377\000A\000n\000a\000l\000y\000s\000e\000s\000\040\000d\000'\000h\000\351\000t\000\351\000r\000o\000g\000\351\000n\000\351\000i\000t\000\351\000\040\000e\000t\000\040\000d\000e\000\040\000r\000o\000b\000u\000s\000t\000e\000s\000s\000e}{subsection.2.3}% 31
\BOOKMARK [1][-]{section.3}{\376\377\000S\000t\000a\000t\000i\000s\000t\000i\000q\000u\000e\000s\000\040\000d\000e\000s\000c\000r\000i\000p\000t\000i\000v\000e\000s}{}% 32
\BOOKMARK [1][-]{section.4}{\376\377\000R\000\351\000s\000u\000l\000t\000a\000t\000s\000\040\000d\000e\000s\000\040\000e\000s\000t\000i\000m\000a\000t\000i\000o\000n\000s}{}% 33
\BOOKMARK [1][-]{section.5}{\376\377\000D\000i\000s\000c\000u\000s\000s\000i\000o\000n}{}% 34
\BOOKMARK [1][-]{section*.7}{\376\377\000C\000o\000n\000c\000l\000u\000s\000i\000o\000n\000\040\000e\000t\000\040\000r\000e\000c\000o\000m\000m\000a\000n\000d\000a\000t\000i\000o\000n\000s}{}% 35
\BOOKMARK [1][-]{section*.8}{\376\377\000A\000n\000n\000e\000x\000e\000s}{}% 36
\BOOKMARK [1][-]{section*.9}{\376\377\000R\000\351\000f\000\351\000r\000e\000n\000c\000e\000s\000\040\000b\000i\000b\000l\000i\000o\000g\000r\000a\000p\000h\000i\000q\000u\000e\000s}{}% 37
\BOOKMARK [1][-]{section*.10}{\376\377\000T\000a\000b\000l\000e\000\040\000d\000e\000s\000\040\000m\000a\000t\000i\000\350\000r\000e\000s}{}% 38
