This is pdfTeX, Version 3.141592653-2.6-1.40.29 (MiKTeX 26.5) (preloaded format=pdflatex 2026.7.10)  20 JUL 2026 23:19
entering extended mode
 restricted \write18 enabled.
 %&-line parsing enabled.
**./main.tex
(main.tex
LaTeX2e <2026-06-01>
L3 programming layer <2026-06-18>
(C:\Users\Bmd\AppData\Local\Programs\MiKTeX\tex/latex/beamer\beamer.cls
Document Class: beamer 2026/01/22 v3.77 A class for typesetting presentations

(C:\Users\Bmd\AppData\Local\Programs\MiKTeX\tex/latex/beamer\beamerbasemodes.st
y (C:\Users\Bmd\AppData\Local\Programs\MiKTeX\tex/latex/etoolbox\etoolbox.sty
Package: etoolbox 2025/10/02 v2.5m e-TeX tools for LaTeX (JAW)
\etb@tempcnta=\count276
)
\beamer@tempbox=\box53
\beamer@tempcount=\count277
\c@beamerpauses=\count278

(C:\Users\Bmd\AppData\Local\Programs\MiKTeX\tex/latex/beamer\beamerbasedecode.s
ty
\beamer@slideinframe=\count279
\beamer@minimum=\count280
\beamer@decode@box=\box54
)
\beamer@commentbox=\box55
\beamer@modecount=\count281
) (C:\Users\Bmd\AppData\Local\Programs\MiKTeX\tex/generic/iftex\iftex.sty
Package: iftex 2024/12/12 v1.0g TeX engine tests
)
\headdp=\dimen150
\footheight=\dimen151
\sidebarheight=\dimen152
\beamer@tempdim=\dimen153
\beamer@finalheight=\dimen154
\beamer@animht=\dimen155
\beamer@animdp=\dimen156
\beamer@animwd=\dimen157
\beamer@leftmargin=\dimen158
\beamer@rightmargin=\dimen159
\beamer@leftsidebar=\dimen160
\beamer@rightsidebar=\dimen161
\beamer@boxsize=\dimen162
\beamer@vboxoffset=\dimen163
\beamer@descdefault=\dimen164
\beamer@descriptionwidth=\dimen165
\beamer@lastskip=\skip49
\beamer@areabox=\box56
\beamer@animcurrent=\box57
\beamer@animshowbox=\box58
\beamer@sectionbox=\box59
\beamer@logobox=\box60
\beamer@linebox=\box61
\beamer@sectioncount=\count282
\beamer@subsubsectionmax=\count283
\beamer@subsectionmax=\count284
\beamer@sectionmax=\count285
\beamer@totalheads=\count286
\beamer@headcounter=\count287
\beamer@partstartpage=\count288
\beamer@sectionstartpage=\count289
\beamer@subsectionstartpage=\count290
\beamer@animationtempa=\count291
\beamer@animationtempb=\count292
\beamer@xpos=\count293
\beamer@ypos=\count294
\beamer@ypos@offset=\count295
\beamer@showpartnumber=\count296
\beamer@currentsubsection=\count297
\beamer@coveringdepth=\count298
\beamer@sectionadjust=\count299
\beamer@toclastsection=\count300
\beamer@tocsectionnumber=\count301

(C:\Users\Bmd\AppData\Local\Programs\MiKTeX\tex/latex/beamer\beamerbaseoptions.
sty (C:\Users\Bmd\AppData\Local\Programs\MiKTeX\tex/latex/graphics\keyval.sty
Package: keyval 2026-05-17 v1.15 key=value parser (DPC)
\KV@toks@=\toks17
))
\beamer@paperwidth=\skip50
\beamer@paperheight=\skip51
(C:\Users\Bmd\AppData\Local\Programs\MiKTeX\tex/latex/geometry\geometry.sty
Package: geometry 2026/03/07 v6.0 Page Geometry

(C:\Users\Bmd\AppData\Local\Programs\MiKTeX\tex/generic/iftex\ifvtex.sty
Package: ifvtex 2019/10/25 v1.7 ifvtex legacy package. Use iftex instead.
)
\Gm@cnth=\count302
\Gm@cntv=\count303
\c@Gm@tempcnt=\count304
\Gm@bindingoffset=\dimen166
\Gm@wd@mp=\dimen167
\Gm@odd@mp=\dimen168
\Gm@even@mp=\dimen169
\Gm@layoutwidth=\dimen170
\Gm@layoutheight=\dimen171
\Gm@layouthoffset=\dimen172
\Gm@layoutvoffset=\dimen173
\Gm@dimlist=\toks18

(C:\Users\Bmd\AppData\Local\Programs\MiKTeX\tex/latex/geometry\geometry.cfg))
(C:\Users\Bmd\AppData\Local\Programs\MiKTeX\tex/latex/pgf/math\pgfmath.sty
(C:\Users\Bmd\AppData\Local\Programs\MiKTeX\tex/latex/pgf/utilities\pgfrcs.sty
(C:\Users\Bmd\AppData\Local\Programs\MiKTeX\tex/generic/pgf/utilities\pgfutil-c
ommon.tex
\pgfutil@everybye=\toks19
\pgfutil@tempdima=\dimen174
\pgfutil@tempdimb=\dimen175
)
(C:\Users\Bmd\AppData\Local\Programs\MiKTeX\tex/generic/pgf/utilities\pgfutil-l
atex.def
\pgfutil@abb=\box62
)
(C:\Users\Bmd\AppData\Local\Programs\MiKTeX\tex/generic/pgf/utilities\pgfrcs.co
de.tex
(C:\Users\Bmd\AppData\Local\Programs\MiKTeX\tex/generic/pgf\pgf.revision.tex)
Package: pgfrcs 2025-08-29 v3.1.11a (3.1.11a)
))
(C:\Users\Bmd\AppData\Local\Programs\MiKTeX\tex/latex/pgf/utilities\pgfkeys.sty

(C:\Users\Bmd\AppData\Local\Programs\MiKTeX\tex/generic/pgf/utilities\pgfkeys.c
ode.tex
\pgfkeys@pathtoks=\toks20
\pgfkeys@temptoks=\toks21

(C:\Users\Bmd\AppData\Local\Programs\MiKTeX\tex/generic/pgf/utilities\pgfkeysli
braryfiltered.code.tex
\pgfkeys@tmptoks=\toks22
)))
(C:\Users\Bmd\AppData\Local\Programs\MiKTeX\tex/generic/pgf/math\pgfmath.code.t
ex
(C:\Users\Bmd\AppData\Local\Programs\MiKTeX\tex/generic/pgf/math\pgfmathutil.co
de.tex
\pgf@x=\dimen176
\pgf@xa=\dimen177
\pgf@xb=\dimen178
\pgf@xc=\dimen179
\pgf@y=\dimen180
\pgf@ya=\dimen181
\pgf@yb=\dimen182
\pgf@yc=\dimen183
\c@pgf@counta=\count305
\c@pgf@countb=\count306
\c@pgf@countc=\count307
\c@pgf@countd=\count308
)
(C:\Users\Bmd\AppData\Local\Programs\MiKTeX\tex/generic/pgf/math\pgfmathparser.
code.tex
\pgfmath@dimen=\dimen184
\pgfmath@count=\count309
\pgfmath@box=\box63
\pgfmath@toks=\toks23
\pgfmath@stack@operand=\toks24
\pgfmath@stack@operation=\toks25
)
(C:\Users\Bmd\AppData\Local\Programs\MiKTeX\tex/generic/pgf/math\pgfmathfunctio
ns.code.tex)
(C:\Users\Bmd\AppData\Local\Programs\MiKTeX\tex/generic/pgf/math\pgfmathfunctio
ns.basic.code.tex)
(C:\Users\Bmd\AppData\Local\Programs\MiKTeX\tex/generic/pgf/math\pgfmathfunctio
ns.trigonometric.code.tex)
(C:\Users\Bmd\AppData\Local\Programs\MiKTeX\tex/generic/pgf/math\pgfmathfunctio
ns.random.code.tex)
(C:\Users\Bmd\AppData\Local\Programs\MiKTeX\tex/generic/pgf/math\pgfmathfunctio
ns.comparison.code.tex)
(C:\Users\Bmd\AppData\Local\Programs\MiKTeX\tex/generic/pgf/math\pgfmathfunctio
ns.base.code.tex)
(C:\Users\Bmd\AppData\Local\Programs\MiKTeX\tex/generic/pgf/math\pgfmathfunctio
ns.round.code.tex)
(C:\Users\Bmd\AppData\Local\Programs\MiKTeX\tex/generic/pgf/math\pgfmathfunctio
ns.misc.code.tex)
(C:\Users\Bmd\AppData\Local\Programs\MiKTeX\tex/generic/pgf/math\pgfmathfunctio
ns.integerarithmetics.code.tex)
(C:\Users\Bmd\AppData\Local\Programs\MiKTeX\tex/generic/pgf/math\pgfmathcalc.co
de.tex)
(C:\Users\Bmd\AppData\Local\Programs\MiKTeX\tex/generic/pgf/math\pgfmathfloat.c
ode.tex
\c@pgfmathroundto@lastzeros=\count310
)))
(C:\Users\Bmd\AppData\Local\Programs\MiKTeX\tex/latex/base\size10.clo
File: size10.clo 2025/01/22 v1.4n Standard LaTeX file (size option)
)
(C:\Users\Bmd\AppData\Local\Programs\MiKTeX\tex/latex/pgf/basiclayer\pgfcore.st
y (C:\Users\Bmd\AppData\Local\Programs\MiKTeX\tex/latex/graphics\graphicx.sty
Package: graphicx 2026-05-17 v1.2e Enhanced LaTeX Graphics (DPC,SPQR)

(C:\Users\Bmd\AppData\Local\Programs\MiKTeX\tex/latex/graphics\graphics.sty
Package: graphics 2026-05-17 v1.4h Standard LaTeX Graphics (DPC,SPQR)

(C:\Users\Bmd\AppData\Local\Programs\MiKTeX\tex/latex/graphics\trig.sty
Package: trig 2023/12/02 v1.11 sin cos tan (DPC)
)
(C:\Users\Bmd\AppData\Local\Programs\MiKTeX\tex/latex/graphics-cfg\graphics.cfg
File: graphics.cfg 2016/06/04 v1.11 sample graphics configuration
)
Package graphics Info: Driver file: pdftex.def on input line 106.
 (C:\Users\Bmd\AppData\Local\Programs\MiKTeX\tex/latex/graphics-def\pdftex.def
File: pdftex.def 2025/09/29 v1.2d Graphics/color driver for pdftex
))
\Gin@req@height=\dimen185
\Gin@req@width=\dimen186
)
(C:\Users\Bmd\AppData\Local\Programs\MiKTeX\tex/latex/pgf/systemlayer\pgfsys.st
y
(C:\Users\Bmd\AppData\Local\Programs\MiKTeX\tex/generic/pgf/systemlayer\pgfsys.
code.tex
Package: pgfsys 2025-08-29 v3.1.11a (3.1.11a)
\pgf@x=\dimen187
\pgf@y=\dimen188
\pgf@xa=\dimen189
\pgf@ya=\dimen190
\pgf@xb=\dimen191
\pgf@yb=\dimen192
\pgf@xc=\dimen193
\pgf@yc=\dimen194
\pgf@xd=\dimen195
\pgf@yd=\dimen196
\w@pgf@writea=\write3
\r@pgf@reada=\read2
\c@pgf@counta=\count311
\c@pgf@countb=\count312
\c@pgf@countc=\count313
\c@pgf@countd=\count314
\t@pgf@toka=\toks26
\t@pgf@tokb=\toks27
\t@pgf@tokc=\toks28
\pgf@sys@id@count=\count315

(C:\Users\Bmd\AppData\Local\Programs\MiKTeX\tex/generic/pgf/systemlayer\pgf.cfg
File: pgf.cfg 2025-08-29 v3.1.11a (3.1.11a)
)
Driver file for pgf: pgfsys-pdftex.def

(C:\Users\Bmd\AppData\Local\Programs\MiKTeX\tex/generic/pgf/systemlayer\pgfsys-
pdftex.def
File: pgfsys-pdftex.def 2025-08-29 v3.1.11a (3.1.11a)

(C:\Users\Bmd\AppData\Local\Programs\MiKTeX\tex/generic/pgf/systemlayer\pgfsys-
common-pdf.def
File: pgfsys-common-pdf.def 2025-08-29 v3.1.11a (3.1.11a)
)))
(C:\Users\Bmd\AppData\Local\Programs\MiKTeX\tex/generic/pgf/systemlayer\pgfsyss
oftpath.code.tex
File: pgfsyssoftpath.code.tex 2025-08-29 v3.1.11a (3.1.11a)
\pgfsyssoftpath@smallbuffer@items=\count316
\pgfsyssoftpath@bigbuffer@items=\count317
)
(C:\Users\Bmd\AppData\Local\Programs\MiKTeX\tex/generic/pgf/systemlayer\pgfsysp
rotocol.code.tex
File: pgfsysprotocol.code.tex 2025-08-29 v3.1.11a (3.1.11a)
))
(C:\Users\Bmd\AppData\Local\Programs\MiKTeX\tex/latex/xcolor\xcolor.sty
Package: xcolor 2024/09/29 v3.02 LaTeX color extensions (UK)

(C:\Users\Bmd\AppData\Local\Programs\MiKTeX\tex/latex/graphics-cfg\color.cfg
File: color.cfg 2016/01/02 v1.6 sample color configuration
)
Package xcolor Info: Driver file: pdftex.def on input line 274.

(C:\Users\Bmd\AppData\Local\Programs\MiKTeX\tex/latex/graphics\mathcolor.ltx)
Package xcolor Info: Model `cmy' substituted by `cmy0' on input line 1349.
Package xcolor Info: Model `hsb' substituted by `rgb' on input line 1353.
Package xcolor Info: Model `RGB' extended on input line 1365.
Package xcolor Info: Model `HTML' substituted by `rgb' on input line 1367.
Package xcolor Info: Model `Hsb' substituted by `hsb' on input line 1368.
Package xcolor Info: Model `tHsb' substituted by `hsb' on input line 1369.
Package xcolor Info: Model `HSB' substituted by `hsb' on input line 1370.
Package xcolor Info: Model `Gray' substituted by `gray' on input line 1371.
Package xcolor Info: Model `wave' substituted by `hsb' on input line 1372.
)
(C:\Users\Bmd\AppData\Local\Programs\MiKTeX\tex/generic/pgf/basiclayer\pgfcore.
code.tex
Package: pgfcore 2025-08-29 v3.1.11a (3.1.11a)

(C:\Users\Bmd\AppData\Local\Programs\MiKTeX\tex/generic/pgf/math\pgfint.code.te
x)
(C:\Users\Bmd\AppData\Local\Programs\MiKTeX\tex/generic/pgf/basiclayer\pgfcorep
oints.code.tex
File: pgfcorepoints.code.tex 2025-08-29 v3.1.11a (3.1.11a)
\pgf@picminx=\dimen197
\pgf@picmaxx=\dimen198
\pgf@picminy=\dimen199
\pgf@picmaxy=\dimen256
\pgf@pathminx=\dimen257
\pgf@pathmaxx=\dimen258
\pgf@pathminy=\dimen259
\pgf@pathmaxy=\dimen260
\pgf@xx=\dimen261
\pgf@xy=\dimen262
\pgf@yx=\dimen263
\pgf@yy=\dimen264
\pgf@zx=\dimen265
\pgf@zy=\dimen266
)
(C:\Users\Bmd\AppData\Local\Programs\MiKTeX\tex/generic/pgf/basiclayer\pgfcorep
athconstruct.code.tex
File: pgfcorepathconstruct.code.tex 2025-08-29 v3.1.11a (3.1.11a)
\pgf@path@lastx=\dimen267
\pgf@path@lasty=\dimen268
)
(C:\Users\Bmd\AppData\Local\Programs\MiKTeX\tex/generic/pgf/basiclayer\pgfcorep
athusage.code.tex
File: pgfcorepathusage.code.tex 2025-08-29 v3.1.11a (3.1.11a)
\pgf@shorten@end@additional=\dimen269
\pgf@shorten@start@additional=\dimen270
)
(C:\Users\Bmd\AppData\Local\Programs\MiKTeX\tex/generic/pgf/basiclayer\pgfcores
copes.code.tex
File: pgfcorescopes.code.tex 2025-08-29 v3.1.11a (3.1.11a)
\pgfpic=\box64
\pgf@hbox=\box65
\pgf@layerbox@main=\box66
\pgf@picture@serial@count=\count318
)
(C:\Users\Bmd\AppData\Local\Programs\MiKTeX\tex/generic/pgf/basiclayer\pgfcoreg
raphicstate.code.tex
File: pgfcoregraphicstate.code.tex 2025-08-29 v3.1.11a (3.1.11a)
\pgflinewidth=\dimen271
)
(C:\Users\Bmd\AppData\Local\Programs\MiKTeX\tex/generic/pgf/basiclayer\pgfcoret
ransformations.code.tex
File: pgfcoretransformations.code.tex 2025-08-29 v3.1.11a (3.1.11a)
\pgf@pt@x=\dimen272
\pgf@pt@y=\dimen273
\pgf@pt@temp=\dimen274
)
(C:\Users\Bmd\AppData\Local\Programs\MiKTeX\tex/generic/pgf/basiclayer\pgfcoreq
uick.code.tex
File: pgfcorequick.code.tex 2025-08-29 v3.1.11a (3.1.11a)
)
(C:\Users\Bmd\AppData\Local\Programs\MiKTeX\tex/generic/pgf/basiclayer\pgfcoreo
bjects.code.tex
File: pgfcoreobjects.code.tex 2025-08-29 v3.1.11a (3.1.11a)
)
(C:\Users\Bmd\AppData\Local\Programs\MiKTeX\tex/generic/pgf/basiclayer\pgfcorep
athprocessing.code.tex
File: pgfcorepathprocessing.code.tex 2025-08-29 v3.1.11a (3.1.11a)
)
(C:\Users\Bmd\AppData\Local\Programs\MiKTeX\tex/generic/pgf/basiclayer\pgfcorea
rrows.code.tex
File: pgfcorearrows.code.tex 2025-08-29 v3.1.11a (3.1.11a)
\pgfarrowsep=\dimen275
)
(C:\Users\Bmd\AppData\Local\Programs\MiKTeX\tex/generic/pgf/basiclayer\pgfcores
hade.code.tex
File: pgfcoreshade.code.tex 2025-08-29 v3.1.11a (3.1.11a)
\pgf@max=\dimen276
\pgf@sys@shading@range@num=\count319
\pgf@shadingcount=\count320
)
(C:\Users\Bmd\AppData\Local\Programs\MiKTeX\tex/generic/pgf/basiclayer\pgfcorei
mage.code.tex
File: pgfcoreimage.code.tex 2025-08-29 v3.1.11a (3.1.11a)
)
(C:\Users\Bmd\AppData\Local\Programs\MiKTeX\tex/generic/pgf/basiclayer\pgfcoree
xternal.code.tex
File: pgfcoreexternal.code.tex 2025-08-29 v3.1.11a (3.1.11a)
\pgfexternal@startupbox=\box67
)
(C:\Users\Bmd\AppData\Local\Programs\MiKTeX\tex/generic/pgf/basiclayer\pgfcorel
ayers.code.tex
File: pgfcorelayers.code.tex 2025-08-29 v3.1.11a (3.1.11a)
)
(C:\Users\Bmd\AppData\Local\Programs\MiKTeX\tex/generic/pgf/basiclayer\pgfcoret
ransparency.code.tex
File: pgfcoretransparency.code.tex 2025-08-29 v3.1.11a (3.1.11a)
)
(C:\Users\Bmd\AppData\Local\Programs\MiKTeX\tex/generic/pgf/basiclayer\pgfcorep
atterns.code.tex
File: pgfcorepatterns.code.tex 2025-08-29 v3.1.11a (3.1.11a)
)
(C:\Users\Bmd\AppData\Local\Programs\MiKTeX\tex/generic/pgf/basiclayer\pgfcorer
df.code.tex
File: pgfcorerdf.code.tex 2025-08-29 v3.1.11a (3.1.11a)
)))
(C:\Users\Bmd\AppData\Local\Programs\MiKTeX\tex/latex/pgf/utilities\xxcolor.sty
Package: xxcolor 2003/10/24 ver 0.1
\XC@nummixins=\count321
\XC@countmixins=\count322
) (C:\Users\Bmd\AppData\Local\Programs\MiKTeX\tex/latex/base\atbegshi-ltx.sty
Package: atbegshi-ltx 2021/01/10 v1.0c Emulation of the original atbegshi
package with kernel methods
)
(C:\Users\Bmd\AppData\Local\Programs\MiKTeX\tex/latex/hyperref\hyperref.sty
Package: hyperref 2026-06-17 v7.01r Hypertext links for LaTeX

(C:\Users\Bmd\AppData\Local\Programs\MiKTeX\tex/latex/kvsetkeys\kvsetkeys.sty
Package: kvsetkeys 2022-10-05 v1.19 Key value parser (HO)
)
(C:\Users\Bmd\AppData\Local\Programs\MiKTeX\tex/generic/kvdefinekeys\kvdefineke
ys.sty
Package: kvdefinekeys 2019-12-19 v1.6 Define keys (HO)
)
(C:\Users\Bmd\AppData\Local\Programs\MiKTeX\tex/generic/pdfescape\pdfescape.sty
Package: pdfescape 2019/12/09 v1.15 Implements pdfTeX's escape features (HO)
(C:\Users\Bmd\AppData\Local\Programs\MiKTeX\tex/generic/ltxcmds\ltxcmds.sty
Package: ltxcmds 2023-12-04 v1.26 LaTeX kernel commands for general use (HO)
)
(C:\Users\Bmd\AppData\Local\Programs\MiKTeX\tex/generic/pdftexcmds\pdftexcmds.s
ty
Package: pdftexcmds 2020-06-27 v0.33 Utility functions of pdfTeX for LuaTeX (HO
)

(C:\Users\Bmd\AppData\Local\Programs\MiKTeX\tex/generic/infwarerr\infwarerr.sty
Package: infwarerr 2019/12/03 v1.5 Providing info/warning/error messages (HO)
)
Package pdftexcmds Info: \pdf@primitive is available.
Package pdftexcmds Info: \pdf@ifprimitive is available.
Package pdftexcmds Info: \pdfdraftmode found.
)) (C:\Users\Bmd\AppData\Local\Programs\MiKTeX\tex/latex/hycolor\hycolor.sty
Package: hycolor 2020-01-27 v1.10 Color options for hyperref/bookmark (HO)
)
(C:\Users\Bmd\AppData\Local\Programs\MiKTeX\tex/latex/hyperref\nameref.sty
Package: nameref 2026-01-29 v2.58 Cross-referencing by name of section

(C:\Users\Bmd\AppData\Local\Programs\MiKTeX\tex/latex/refcount\refcount.sty
Package: refcount 2019/12/15 v3.6 Data extraction from label references (HO)
)
(C:\Users\Bmd\AppData\Local\Programs\MiKTeX\tex/generic/gettitlestring\gettitle
string.sty
Package: gettitlestring 2019/12/15 v1.6 Cleanup title references (HO)

(C:\Users\Bmd\AppData\Local\Programs\MiKTeX\tex/latex/kvoptions\kvoptions.sty
Package: kvoptions 2022-06-15 v3.15 Key value format for package options (HO)
))
\c@section@level=\count323
)
(C:\Users\Bmd\AppData\Local\Programs\MiKTeX\tex/generic/stringenc\stringenc.sty
Package: stringenc 2019/11/29 v1.12 Convert strings between diff. encodings (HO
)
)
\@linkdim=\dimen277
\Hy@linkcounter=\count324
\Hy@pagecounter=\count325
 (C:\Users\Bmd\AppData\Local\Programs\MiKTeX\tex/latex/hyperref\pd1enc.def
File: pd1enc.def 2026-06-17 v7.01r Hyperref: PDFDocEncoding definition (HO)
Now handling font encoding PD1 ...
... no UTF-8 mapping file for font encoding PD1
)
(C:\Users\Bmd\AppData\Local\Programs\MiKTeX\tex/generic/intcalc\intcalc.sty
Package: intcalc 2019/12/15 v1.3 Expandable calculations with integers (HO)
)
\Hy@SavedSpaceFactor=\count326

(C:\Users\Bmd\AppData\Local\Programs\MiKTeX\tex/latex/hyperref\puenc.def
File: puenc.def 2026-06-17 v7.01r Hyperref: PDF Unicode definition (HO)
Now handling font encoding PU ...
... no UTF-8 mapping file for font encoding PU
)
Package hyperref Info: Option `bookmarks' set `true' on input line 4070.
Package hyperref Info: Option `bookmarksopen' set `true' on input line 4070.
Package hyperref Info: Option `implicit' set `false' on input line 4070.
Package hyperref Info: Hyper figures OFF on input line 4199.
Package hyperref Info: Link nesting OFF on input line 4204.
Package hyperref Info: Hyper index ON on input line 4207.
Package hyperref Info: Plain pages OFF on input line 4214.
Package hyperref Info: Backreferencing OFF on input line 4219.
Package hyperref Info: Implicit mode OFF; no redefinition of LaTeX internals.
Package hyperref Info: Bookmarks ON on input line 4466.
\c@Hy@tempcnt=\count327

(C:\Users\Bmd\AppData\Local\Programs\MiKTeX\tex/latex/url\url.sty
\Urlmuskip=\muskip17
Package: url 2013/09/16  ver 3.4  Verb mode for urls, etc.
)
LaTeX Info: Redefining \url on input line 4805.
\XeTeXLinkMargin=\dimen278

(C:\Users\Bmd\AppData\Local\Programs\MiKTeX\tex/generic/bitset\bitset.sty
Package: bitset 2019/12/09 v1.3 Handle bit-vector datatype (HO)

(C:\Users\Bmd\AppData\Local\Programs\MiKTeX\tex/generic/bigintcalc\bigintcalc.s
ty
Package: bigintcalc 2019/12/15 v1.5 Expandable calculations on big integers (HO
)
))
\Fld@menulength=\count328
\Field@Width=\dimen279
\Fld@charsize=\dimen280
Package hyperref Info: Hyper figures OFF on input line 6091.
Package hyperref Info: Link nesting OFF on input line 6096.
Package hyperref Info: Hyper index ON on input line 6099.
Package hyperref Info: backreferencing OFF on input line 6106.
Package hyperref Info: Link coloring OFF on input line 6111.
Package hyperref Info: Link coloring with OCG OFF on input line 6116.
Package hyperref Info: PDF/A mode OFF on input line 6121.
\Hy@abspage=\count329


Package hyperref Message: Stopped early.

)
Package hyperref Info: Driver (autodetected): hpdftex.
 (C:\Users\Bmd\AppData\Local\Programs\MiKTeX\tex/latex/hyperref\hpdftex.def
File: hpdftex.def 2026-06-17 v7.01r Hyperref driver for pdfTeX
\Fld@listcount=\count330
\c@bookmark@seq@number=\count331

(C:\Users\Bmd\AppData\Local\Programs\MiKTeX\tex/latex/rerunfilecheck\rerunfilec
heck.sty
Package: rerunfilecheck 2025-06-21 v1.11 Rerun checks for auxiliary files (HO)

(C:\Users\Bmd\AppData\Local\Programs\MiKTeX\tex/generic/uniquecounter\uniquecou
nter.sty
Package: uniquecounter 2019/12/15 v1.4 Provide unlimited unique counter (HO)
)
Package uniquecounter Info: New unique counter `rerunfilecheck' on input line 2
84.
))
(C:\Users\Bmd\AppData\Local\Programs\MiKTeX\tex/latex/beamer\beamerbaserequires
.sty
(C:\Users\Bmd\AppData\Local\Programs\MiKTeX\tex/latex/beamer\beamerbasecompatib
ility.sty)
(C:\Users\Bmd\AppData\Local\Programs\MiKTeX\tex/latex/beamer\beamerbasefont.sty
(C:\Users\Bmd\AppData\Local\Programs\MiKTeX\tex/latex/amsfonts\amssymb.sty
Package: amssymb 2013/01/14 v3.01 AMS font symbols

(C:\Users\Bmd\AppData\Local\Programs\MiKTeX\tex/latex/amsfonts\amsfonts.sty
Package: amsfonts 2013/01/14 v3.01 Basic AMSFonts support
\@emptytoks=\toks29
\symAMSa=\mathgroup4
\symAMSb=\mathgroup5
LaTeX Font Info:    Redeclaring math symbol \hbar on input line 98.
LaTeX Font Info:    Overwriting math alphabet `\mathfrak' in version `bold'
(Font)                  U/euf/m/n --> U/euf/b/n on input line 106.
))
(C:\Users\Bmd\AppData\Local\Programs\MiKTeX\tex/latex/sansmathaccent\sansmathac
cent.sty
Package: sansmathaccent 2020/01/31

(C:\Users\Bmd\AppData\Local\Programs\MiKTeX\tex/latex/koma-script\scrlfile.sty
Package: scrlfile 2026/02/02 v3.49.2 KOMA-Script package (file load hooks)

(C:\Users\Bmd\AppData\Local\Programs\MiKTeX\tex/latex/koma-script\scrlfile-hook
.sty
Package: scrlfile-hook 2026/02/02 v3.49.2 KOMA-Script package (using LaTeX hook
s)

(C:\Users\Bmd\AppData\Local\Programs\MiKTeX\tex/latex/koma-script\scrlogo.sty
Package: scrlogo 2026/02/02 v3.49.2 KOMA-Script package (logo)
)))))
(C:\Users\Bmd\AppData\Local\Programs\MiKTeX\tex/latex/beamer\beamerbasetranslat
or.sty
(C:\Users\Bmd\AppData\Local\Programs\MiKTeX\tex/latex/translator\translator.sty
Package: translator 2021-05-31 v1.12d Easy translation of strings in LaTeX
))
(C:\Users\Bmd\AppData\Local\Programs\MiKTeX\tex/latex/beamer\beamerbasemisc.sty
)
(C:\Users\Bmd\AppData\Local\Programs\MiKTeX\tex/latex/beamer\beamerbasetwoscree
ns.sty)
(C:\Users\Bmd\AppData\Local\Programs\MiKTeX\tex/latex/beamer\beamerbaseoverlay.
sty
\beamer@argscount=\count332
\beamer@lastskipcover=\skip52
\beamer@trivlistdepth=\count333
)
(C:\Users\Bmd\AppData\Local\Programs\MiKTeX\tex/latex/beamer\beamerbasetitle.st
y)
(C:\Users\Bmd\AppData\Local\Programs\MiKTeX\tex/latex/beamer\beamerbasesection.
sty
\c@lecture=\count334
\c@part=\count335
\c@section=\count336
\c@subsection=\count337
\c@subsubsection=\count338
)
(C:\Users\Bmd\AppData\Local\Programs\MiKTeX\tex/latex/beamer\beamerbaseframe.st
y
\beamer@framebox=\box68
\beamer@frametitlebox=\box69
\beamer@zoombox=\box70
\beamer@zoomcount=\count339
\beamer@zoomframecount=\count340
\beamer@frametextheight=\dimen281
\c@subsectionslide=\count341
\beamer@frametopskip=\skip53
\beamer@framebottomskip=\skip54
\beamer@frametopskipautobreak=\skip55
\beamer@framebottomskipautobreak=\skip56
\beamer@envbody=\toks30
\framewidth=\dimen282
\c@framenumber=\count342
)
(C:\Users\Bmd\AppData\Local\Programs\MiKTeX\tex/latex/beamer\beamerbaseverbatim
.sty
\beamer@verbatimfileout=\write4
)
(C:\Users\Bmd\AppData\Local\Programs\MiKTeX\tex/latex/beamer\beamerbaseframesiz
e.sty
\beamer@splitbox=\box71
\beamer@autobreakcount=\count343
\beamer@autobreaklastheight=\dimen283
\beamer@frametitletoks=\toks31
\beamer@framesubtitletoks=\toks32
)
(C:\Users\Bmd\AppData\Local\Programs\MiKTeX\tex/latex/beamer\beamerbaseframecom
ponents.sty
\beamer@colheight=\skip57
\beamer@footins=\box72
)
(C:\Users\Bmd\AppData\Local\Programs\MiKTeX\tex/latex/beamer\beamerbasecolor.st
y)
(C:\Users\Bmd\AppData\Local\Programs\MiKTeX\tex/latex/beamer\beamerbasenotes.st
y
\beamer@frameboxcopy=\box73
)
(C:\Users\Bmd\AppData\Local\Programs\MiKTeX\tex/latex/beamer\beamerbasetoc.sty)

(C:\Users\Bmd\AppData\Local\Programs\MiKTeX\tex/latex/beamer\beamerbasetemplate
s.sty
\beamer@sbttoks=\toks33

(C:\Users\Bmd\AppData\Local\Programs\MiKTeX\tex/latex/beamer\beamerbaseauxtempl
ates.sty
(C:\Users\Bmd\AppData\Local\Programs\MiKTeX\tex/latex/beamer\beamerbaseboxes.st
y
\bmb@box=\box74
\bmb@colorbox=\box75
\bmb@boxwidth=\dimen284
\bmb@boxheight=\dimen285
\bmb@prevheight=\dimen286
\bmb@temp=\dimen287
\bmb@dima=\dimen288
\bmb@dimb=\dimen289
\bmb@prevheight=\dimen290
)
\beamer@blockheadheight=\dimen291
))
(C:\Users\Bmd\AppData\Local\Programs\MiKTeX\tex/latex/beamer\beamerbaselocalstr
ucture.sty
(C:\Users\Bmd\AppData\Local\Programs\MiKTeX\tex/latex/tools\enumerate.sty
Package: enumerate 2023/07/04 v3.00 enumerate extensions (DPC)
\@enLab=\toks34
)
\beamer@bibiconwidth=\skip58
\c@figure=\count344
\c@table=\count345
\abovecaptionskip=\skip59
\belowcaptionskip=\skip60
)
(C:\Users\Bmd\AppData\Local\Programs\MiKTeX\tex/latex/beamer\beamerbasenavigati
on.sty
(C:\Users\Bmd\AppData\Local\Programs\MiKTeX\tex/latex/beamer\beamerbasenavigati
onsymbols.tex)
\beamer@section@min@dim=\dimen292
)
(C:\Users\Bmd\AppData\Local\Programs\MiKTeX\tex/latex/beamer\beamerbasetheorems
.sty (C:\Users\Bmd\AppData\Local\Programs\MiKTeX\tex/latex/amsmath\amsmath.sty
Package: amsmath 2026/05/19 v2.18d AMS math features
\@mathmargin=\skip61

For additional information on amsmath, use the `?' option.
(C:\Users\Bmd\AppData\Local\Programs\MiKTeX\tex/latex/amsmath\amstext.sty
Package: amstext 2024/11/17 v2.01 AMS text

(C:\Users\Bmd\AppData\Local\Programs\MiKTeX\tex/latex/amsmath\amsgen.sty
File: amsgen.sty 1999/11/30 v2.0 generic functions
\@emptytoks=\toks35
\ex@=\dimen293
))
(C:\Users\Bmd\AppData\Local\Programs\MiKTeX\tex/latex/amsmath\amsbsy.sty
Package: amsbsy 1999/11/29 v1.2d Bold Symbols
\pmbraise@=\dimen294
)
(C:\Users\Bmd\AppData\Local\Programs\MiKTeX\tex/latex/amsmath\amsopn.sty
Package: amsopn 2022/04/08 v2.04 operator names
)
\inf@bad=\count346
LaTeX Info: Redefining \frac on input line 233.
\uproot@=\count347
\leftroot@=\count348
LaTeX Info: Redefining \overline on input line 398.
LaTeX Info: Redefining \colon on input line 409.
\classnum@=\count349
\DOTSCASE@=\count350
LaTeX Info: Redefining \ldots on input line 495.
LaTeX Info: Redefining \dots on input line 498.
LaTeX Info: Redefining \cdots on input line 619.
\Mathstrutbox@=\box76
\strutbox@=\box77
LaTeX Info: Redefining \big on input line 721.
LaTeX Info: Redefining \Big on input line 722.
LaTeX Info: Redefining \bigg on input line 723.
LaTeX Info: Redefining \Bigg on input line 724.
\big@size=\dimen295
LaTeX Font Info:    Redeclaring font encoding OML on input line 742.
LaTeX Font Info:    Redeclaring font encoding OMS on input line 743.
\macc@depth=\count351
LaTeX Info: Redefining \bmod on input line 904.
LaTeX Info: Redefining \pmod on input line 909.
LaTeX Info: Redefining \smash on input line 939.
LaTeX Info: Redefining \relbar on input line 969.
LaTeX Info: Redefining \Relbar on input line 970.
\c@MaxMatrixCols=\count352
\dotsspace@=\muskip18
\c@parentequation=\count353
\dspbrk@lvl=\count354
\tag@help=\toks36
\row@=\count355
\column@=\count356
\maxfields@=\count357
\andhelp@=\toks37
\eqnshift@=\dimen296
\alignsep@=\dimen297
\tagshift@=\dimen298
\tagwidth@=\dimen299
\totwidth@=\dimen300
\lineht@=\dimen301
\@envbody=\toks38
\multlinegap=\skip62
\multlinetaggap=\skip63
\mathdisplay@stack=\toks39
LaTeX Info: Redefining \[ on input line 2965.
LaTeX Info: Redefining \] on input line 2966.
)
(C:\Users\Bmd\AppData\Local\Programs\MiKTeX\tex/latex/amscls\amsthm.sty
Package: amsthm 2020/05/29 v2.20.6
\thm@style=\toks40
\thm@bodyfont=\toks41
\thm@headfont=\toks42
\thm@notefont=\toks43
\thm@headpunct=\toks44
\thm@preskip=\skip64
\thm@postskip=\skip65
\thm@headsep=\skip66
\dth@everypar=\toks45
)
\c@theorem=\count358
)
(C:\Users\Bmd\AppData\Local\Programs\MiKTeX\tex/latex/beamer\beamerbasethemes.s
ty))
(C:\Users\Bmd\AppData\Local\Programs\MiKTeX\tex/latex/beamer\beamerthemedefault
.sty
(C:\Users\Bmd\AppData\Local\Programs\MiKTeX\tex/latex/beamer\beamerfontthemedef
ault.sty)
(C:\Users\Bmd\AppData\Local\Programs\MiKTeX\tex/latex/beamer\beamercolorthemede
fault.sty)
(C:\Users\Bmd\AppData\Local\Programs\MiKTeX\tex/latex/beamer\beamerinnerthemede
fault.sty
\beamer@dima=\dimen302
\beamer@dimb=\dimen303
)
(C:\Users\Bmd\AppData\Local\Programs\MiKTeX\tex/latex/beamer\beamerouterthemede
fault.sty)))
(C:\Users\Bmd\AppData\Local\Programs\MiKTeX\tex/latex/beamer\beamerthemeAntibes
.sty
(C:\Users\Bmd\AppData\Local\Programs\MiKTeX\tex/latex/beamer\beamerouterthemetr
ee.sty)
(C:\Users\Bmd\AppData\Local\Programs\MiKTeX\tex/latex/beamer\beamercolorthemewh
ale.sty)
(C:\Users\Bmd\AppData\Local\Programs\MiKTeX\tex/latex/beamer\beamercolorthemeor
chid.sty)
(C:\Users\Bmd\AppData\Local\Programs\MiKTeX\tex/latex/beamer\beamerinnerthemere
ctangles.sty))
(C:\Users\Bmd\AppData\Local\Programs\MiKTeX\tex/latex/base\fontenc.sty
Package: fontenc 2025/07/18 v2.1d Standard LaTeX package
)
(C:\Users\Bmd\AppData\Local\Programs\MiKTeX\tex/latex/base\inputenc.sty
Package: inputenc 2024/02/08 v1.3d Input encoding file
\inpenc@prehook=\toks46
\inpenc@posthook=\toks47
)
(C:\Users\Bmd\AppData\Local\Programs\MiKTeX\tex/generic/babel\babel.sty
Package: babel 2026/06/14 v26.9 The multilingual framework for LuaLaTeX, pdfLaT
eX and XeLaTeX
\babel@savecnt=\count359
LaTeX Encoding Info:    Redeclaring text command \ij (encoding OT1) on input li
ne 2084.
LaTeX Encoding Info:    Redeclaring text command \IJ (encoding OT1) on input li
ne 2086.
LaTeX Encoding Info:    Redeclaring text command \ij (encoding T1) on input lin
e 2088.
LaTeX Encoding Info:    Redeclaring text command \IJ (encoding T1) on input lin
e 2089.
LaTeX Encoding Info:    Ignoring declaration for text command \ij (encoding ?) 
on input line 2090.
LaTeX Encoding Info:    Ignoring declaration for text command \IJ (encoding ?) 
on input line 2092.
LaTeX Encoding Info:    Ignoring declaration for text command \SS (encoding ?) 
on input line 2117.
\U@D=\dimen304
\l@unhyphenated=\language79

(C:\Users\Bmd\AppData\Local\Programs\MiKTeX\tex/generic/babel\txtbabel.def)
\bbl@readstream=\read3
LaTeX Info: Redefining \textlatin on input line 3999.
\bbl@dirlevel=\count360
Package babel Info: Configuration files are deprecated, as
(babel)             they can break document portability.
(babel)             Reported on input line 4252.

*************************************
* Local config file bblopts.cfg used
*
(C:\Users\Bmd\AppData\Local\Programs\MiKTeX\tex/latex/arabi\bblopts.cfg
File: bblopts.cfg 2005/09/08 v0.1 add Arabic and Farsi to "declared" options of
 babel
)
(C:\Users\Bmd\AppData\Local\Programs\MiKTeX\tex/generic/babel/locale/fr\babel-f
rench.tex)
Package babel Info: Importing font and identification data for 'french'
(babel)             from babel-fr.ini. Reported on input line 4380.

(C:\Users\Bmd\AppData\Local\Programs\MiKTeX\tex/generic/babel-french\french.ldf
Language: french 2026-06-06 v4.1a French support from the babel system

(C:\Users\Bmd\AppData\Local\Programs\MiKTeX\tex/generic/babel-french\french3.ld
f
Language: french 2026-06-06 v3.7f French support from the babel system
\FB@stdchar=\count361
Package babel Info: Making : an active character on input line 266.
Package babel Info: Making ; an active character on input line 267.
Package babel Info: Making ! an active character on input line 268.
Package babel Info: Making ? an active character on input line 269.
\FBguill@level=\count362
\FBold@everypar=\toks48
\FB@Mht=\dimen305
\mc@charclass=\count363
\mc@charfam=\count364
\mc@charslot=\count365
\std@mcc=\count366
\dec@mcc=\count367
\listindentFB=\dimen306
\descindentFB=\dimen307
\labelwidthFB=\dimen308
\labelfullwidthFB=\dimen309
\FB@pardim=\dimen310
\parindentFFN=\dimen311
\FBfnindent=\dimen312
)))
(C:\Users\Bmd\AppData\Local\Programs\MiKTeX\tex/latex/carlisle\scalefnt.sty)
Package french3.ldf Info: No list customisation for the beamer class,
(french3.ldf)             reported on input line 141.

(C:\Users\Bmd\AppData\Local\Programs\MiKTeX\tex/latex/booktabs\booktabs.sty
Package: booktabs 2020/01/12 v1.61803398 Publication quality tables
\heavyrulewidth=\dimen313
\lightrulewidth=\dimen314
\cmidrulewidth=\dimen315
\belowrulesep=\dimen316
\belowbottomsep=\dimen317
\aboverulesep=\dimen318
\abovetopsep=\dimen319
\cmidrulesep=\dimen320
\cmidrulekern=\dimen321
\defaultaddspace=\dimen322
\@cmidla=\count368
\@cmidlb=\count369
\@aboverulesep=\dimen323
\@belowrulesep=\dimen324
\@thisruleclass=\count370
\@lastruleclass=\count371
\@thisrulewidth=\dimen325
)
(C:\Users\Bmd\AppData\Local\Programs\MiKTeX\tex/latex/tools\array.sty
Package: array 2026/02/24 v2.7b Tabular extension package (FMi)
\col@sep=\dimen326
\ar@mcellbox=\box78
\extrarowheight=\dimen327
\NC@list=\toks49
\extratabsurround=\skip67
\backup@length=\skip68
\ar@cellbox=\box79
)
(C:\Users\Bmd\AppData\Local\Programs\MiKTeX\tex/latex/colortbl\colortbl.sty
Package: colortbl 2026/05/01 v1.0l Color table columns (DPC)

new hooks used!!
\minrowclearance=\skip69
\rownum=\count372
) (C:\Users\Bmd\AppData\Local\Programs\MiKTeX\tex/latex/multirow\multirow.sty
Package: multirow 2024/11/12 v2.9 Span multiple rows of a table
\multirow@colwidth=\skip70
\multirow@cntb=\count373
\multirow@dima=\skip71
\bigstrutjot=\dimen328
)
(C:\Users\Bmd\AppData\Local\Programs\MiKTeX\tex/latex/ragged2e\ragged2e.sty
Package: ragged2e 2023/06/22 v3.6 ragged2e Package
\CenteringLeftskip=\skip72
\RaggedLeftLeftskip=\skip73
\RaggedRightLeftskip=\skip74
\CenteringRightskip=\skip75
\RaggedLeftRightskip=\skip76
\RaggedRightRightskip=\skip77
\CenteringParfillskip=\skip78
\RaggedLeftParfillskip=\skip79
\RaggedRightParfillskip=\skip80
\JustifyingParfillskip=\skip81
\CenteringParindent=\skip82
\RaggedLeftParindent=\skip83
\RaggedRightParindent=\skip84
\JustifyingParindent=\skip85
)
(C:\Users\Bmd\AppData\Local\Programs\MiKTeX\tex/latex/pgf/frontendlayer\tikz.st
y (C:\Users\Bmd\AppData\Local\Programs\MiKTeX\tex/latex/pgf/basiclayer\pgf.sty
Package: pgf 2025-08-29 v3.1.11a (3.1.11a)

(C:\Users\Bmd\AppData\Local\Programs\MiKTeX\tex/generic/pgf/modules\pgfmodulesh
apes.code.tex
File: pgfmoduleshapes.code.tex 2025-08-29 v3.1.11a (3.1.11a)
\pgfnodeparttextbox=\box80
)
(C:\Users\Bmd\AppData\Local\Programs\MiKTeX\tex/generic/pgf/modules\pgfmodulepl
ot.code.tex
File: pgfmoduleplot.code.tex 2025-08-29 v3.1.11a (3.1.11a)
)
(C:\Users\Bmd\AppData\Local\Programs\MiKTeX\tex/latex/pgf/compatibility\pgfcomp
-version-0-65.sty
Package: pgfcomp-version-0-65 2025-08-29 v3.1.11a (3.1.11a)
\pgf@nodesepstart=\dimen329
\pgf@nodesepend=\dimen330
)
(C:\Users\Bmd\AppData\Local\Programs\MiKTeX\tex/latex/pgf/compatibility\pgfcomp
-version-1-18.sty
Package: pgfcomp-version-1-18 2025-08-29 v3.1.11a (3.1.11a)
))
(C:\Users\Bmd\AppData\Local\Programs\MiKTeX\tex/latex/pgf/utilities\pgffor.sty
(C:\Users\Bmd\AppData\Local\Programs\MiKTeX\tex/generic/pgf/utilities\pgffor.co
de.tex
Package: pgffor 2025-08-29 v3.1.11a (3.1.11a)
\pgffor@iter=\dimen331
\pgffor@skip=\dimen332
\pgffor@stack=\toks50
\pgffor@toks=\toks51
))
(C:\Users\Bmd\AppData\Local\Programs\MiKTeX\tex/generic/pgf/frontendlayer/tikz\
tikz.code.tex
Package: tikz 2025-08-29 v3.1.11a (3.1.11a)

(C:\Users\Bmd\AppData\Local\Programs\MiKTeX\tex/generic/pgf/libraries\pgflibrar
yplothandlers.code.tex
File: pgflibraryplothandlers.code.tex 2025-08-29 v3.1.11a (3.1.11a)
\pgf@plot@mark@count=\count374
\pgfplotmarksize=\dimen333
)
\tikz@lastx=\dimen334
\tikz@lasty=\dimen335
\tikz@lastxsaved=\dimen336
\tikz@lastysaved=\dimen337
\tikz@lastmovetox=\dimen338
\tikz@lastmovetoy=\dimen339
\tikzleveldistance=\dimen340
\tikzsiblingdistance=\dimen341
\tikz@figbox=\box81
\tikz@figbox@bg=\box82
\tikz@tempbox=\box83
\tikz@tempbox@bg=\box84
\tikztreelevel=\count375
\tikznumberofchildren=\count376
\tikznumberofcurrentchild=\count377
\tikz@fig@count=\count378

(C:\Users\Bmd\AppData\Local\Programs\MiKTeX\tex/generic/pgf/modules\pgfmodulema
trix.code.tex
File: pgfmodulematrix.code.tex 2025-08-29 v3.1.11a (3.1.11a)
\pgfmatrixcurrentrow=\count379
\pgfmatrixcurrentcolumn=\count380
\pgf@matrix@numberofcolumns=\count381
)
\tikz@expandcount=\count382

(C:\Users\Bmd\AppData\Local\Programs\MiKTeX\tex/generic/pgf/frontendlayer/tikz/
libraries\tikzlibrarytopaths.code.tex
File: tikzlibrarytopaths.code.tex 2025-08-29 v3.1.11a (3.1.11a)
)))
(C:\Users\Bmd\AppData\Local\Programs\MiKTeX\tex/generic/pgf/frontendlayer/tikz/
libraries\tikzlibrarypositioning.code.tex
File: tikzlibrarypositioning.code.tex 2025-08-29 v3.1.11a (3.1.11a)
)
(C:\Users\Bmd\AppData\Local\Programs\MiKTeX\tex/generic/pgf/libraries\pgflibrar
yarrows.meta.code.tex
File: pgflibraryarrows.meta.code.tex 2025-08-29 v3.1.11a (3.1.11a)
\pgfarrowinset=\dimen342
\pgfarrowlength=\dimen343
\pgfarrowwidth=\dimen344
\pgfarrowlinewidth=\dimen345
)
(C:\Users\Bmd\AppData\Local\Programs\MiKTeX\tex/generic/pgf/frontendlayer/tikz/
libraries\tikzlibraryshapes.code.tex
File: tikzlibraryshapes.code.tex 2025-08-29 v3.1.11a (3.1.11a)

(C:\Users\Bmd\AppData\Local\Programs\MiKTeX\tex/generic/pgf/frontendlayer/tikz/
libraries\tikzlibraryshapes.geometric.code.tex
File: tikzlibraryshapes.geometric.code.tex 2025-08-29 v3.1.11a (3.1.11a)

(C:\Users\Bmd\AppData\Local\Programs\MiKTeX\tex/generic/pgf/libraries/shapes\pg
flibraryshapes.geometric.code.tex
File: pgflibraryshapes.geometric.code.tex 2025-08-29 v3.1.11a (3.1.11a)
))
(C:\Users\Bmd\AppData\Local\Programs\MiKTeX\tex/generic/pgf/frontendlayer/tikz/
libraries\tikzlibraryshapes.misc.code.tex
File: tikzlibraryshapes.misc.code.tex 2025-08-29 v3.1.11a (3.1.11a)

(C:\Users\Bmd\AppData\Local\Programs\MiKTeX\tex/generic/pgf/libraries/shapes\pg
flibraryshapes.misc.code.tex
File: pgflibraryshapes.misc.code.tex 2025-08-29 v3.1.11a (3.1.11a)
))
(C:\Users\Bmd\AppData\Local\Programs\MiKTeX\tex/generic/pgf/frontendlayer/tikz/
libraries\tikzlibraryshapes.symbols.code.tex
File: tikzlibraryshapes.symbols.code.tex 2025-08-29 v3.1.11a (3.1.11a)

(C:\Users\Bmd\AppData\Local\Programs\MiKTeX\tex/generic/pgf/libraries/shapes\pg
flibraryshapes.symbols.code.tex
File: pgflibraryshapes.symbols.code.tex 2025-08-29 v3.1.11a (3.1.11a)
))
(C:\Users\Bmd\AppData\Local\Programs\MiKTeX\tex/generic/pgf/frontendlayer/tikz/
libraries\tikzlibraryshapes.arrows.code.tex
File: tikzlibraryshapes.arrows.code.tex 2025-08-29 v3.1.11a (3.1.11a)

(C:\Users\Bmd\AppData\Local\Programs\MiKTeX\tex/generic/pgf/libraries/shapes\pg
flibraryshapes.arrows.code.tex
File: pgflibraryshapes.arrows.code.tex 2025-08-29 v3.1.11a (3.1.11a)
))
(C:\Users\Bmd\AppData\Local\Programs\MiKTeX\tex/generic/pgf/frontendlayer/tikz/
libraries\tikzlibraryshapes.callouts.code.tex
(C:\Users\Bmd\AppData\Local\Programs\MiKTeX\tex/generic/pgf/libraries/shapes\pg
flibraryshapes.callouts.code.tex))
(C:\Users\Bmd\AppData\Local\Programs\MiKTeX\tex/generic/pgf/frontendlayer/tikz/
libraries\tikzlibraryshapes.multipart.code.tex
File: tikzlibraryshapes.multipart.code.tex 2025-08-29 v3.1.11a (3.1.11a)

(C:\Users\Bmd\AppData\Local\Programs\MiKTeX\tex/generic/pgf/libraries/shapes\pg
flibraryshapes.multipart.code.tex
File: pgflibraryshapes.multipart.code.tex 2025-08-29 v3.1.11a (3.1.11a)
\pgfnodepartlowerbox=\box85
\pgfnodeparttwobox=\box86
\pgfnodepartthreebox=\box87
\pgfnodepartfourbox=\box88
\pgfnodeparttwentybox=\box89
\pgfnodepartnineteenbox=\box90
\pgfnodeparteighteenbox=\box91
\pgfnodepartseventeenbox=\box92
\pgfnodepartsixteenbox=\box93
\pgfnodepartfifteenbox=\box94
\pgfnodepartfourteenbox=\box95
\pgfnodepartthirteenbox=\box96
\pgfnodeparttwelvebox=\box97
\pgfnodepartelevenbox=\box98
\pgfnodeparttenbox=\box99
\pgfnodepartninebox=\box100
\pgfnodeparteightbox=\box101
\pgfnodepartsevenbox=\box102
\pgfnodepartsixbox=\box103
\pgfnodepartfivebox=\box104
)))
(C:\Users\Bmd\AppData\Local\Programs\MiKTeX\tex/latex/l3backend\l3backend-pdfte
x.def
File: l3backend-pdftex.def 2026-02-18 L3 backend support: PDF output (pdfTeX)
\l__color_backend_stack_int=\count383
) (main.aux
Package babel Info: 'french' activates 'french' shorthands.
(babel)             Reported on input line 11.
)
\openout1 = `main.aux'.

LaTeX Font Info:    Checking defaults for OML/cmm/m/it on input line 167.
LaTeX Font Info:    ... okay on input line 167.
LaTeX Font Info:    Checking defaults for OMS/cmsy/m/n on input line 167.
LaTeX Font Info:    ... okay on input line 167.
LaTeX Font Info:    Checking defaults for OT1/cmr/m/n on input line 167.
LaTeX Font Info:    ... okay on input line 167.
LaTeX Font Info:    Checking defaults for T1/cmr/m/n on input line 167.
LaTeX Font Info:    ... okay on input line 167.
LaTeX Font Info:    Checking defaults for TS1/cmr/m/n on input line 167.
LaTeX Font Info:    ... okay on input line 167.
LaTeX Font Info:    Checking defaults for OMX/cmex/m/n on input line 167.
LaTeX Font Info:    ... okay on input line 167.
LaTeX Font Info:    Checking defaults for U/cmr/m/n on input line 167.
LaTeX Font Info:    ... okay on input line 167.
LaTeX Font Info:    Checking defaults for PD1/pdf/m/n on input line 167.
LaTeX Font Info:    ... okay on input line 167.
LaTeX Font Info:    Checking defaults for PU/pdf/m/n on input line 167.
LaTeX Font Info:    ... okay on input line 167.

*geometry* driver: auto-detecting
*geometry* detected driver: pdftex
*geometry* verbose mode - [ preamble ] result:
* driver: pdftex
* paper: custom
* layout: <same size as paper>
* layoutoffset:(h,v)=(0.0pt,0.0pt)
* modes: includehead includefoot 
* h-part:(L,W,R)=(28.45274pt, 398.3386pt, 28.45274pt)
* v-part:(T,H,B)=(0.0pt, 256.0748pt, 0.0pt)
* \paperwidth=455.24408pt
* \paperheight=256.0748pt
* \textwidth=398.3386pt
* \textheight=227.62207pt
* \oddsidemargin=-43.81725pt
* \evensidemargin=-43.81725pt
* \topmargin=-72.26999pt
* \headheight=14.22636pt
* \headsep=0.0pt
* \topskip=10.0pt
* \footskip=14.22636pt
* \marginparwidth=3.0pt
* \marginparsep=11.0pt
* \columnsep=10.0pt
* \skip\footins=9.0pt plus 4.0pt minus 2.0pt
* \hoffset=0.0pt
* \voffset=0.0pt
* \mag=1000
* \@twocolumnfalse
* \@twosidefalse
* \@mparswitchfalse
* \@reversemarginfalse
* (1in=72.27pt=25.4mm, 1cm=28.453pt)


(C:\Users\Bmd\AppData\Local\Programs\MiKTeX\tex/context/base/mkii\supp-pdf.mkii
[Loading MPS to PDF converter (version 2006.09.02).]
\scratchcounter=\count384
\scratchdimen=\dimen346
\scratchbox=\box105
\nofMPsegments=\count385
\nofMParguments=\count386
\everyMPshowfont=\toks52
\MPscratchCnt=\count387
\MPscratchDim=\dimen347
\MPnumerator=\count388
\makeMPintoPDFobject=\count389
\everyMPtoPDFconversion=\toks53
)
(C:\Users\Bmd\AppData\Local\Programs\MiKTeX\tex/latex/epstopdf-pkg\epstopdf-bas
e.sty
Package: epstopdf-base 2020-01-24 v2.11 Base part for package epstopdf
Package epstopdf-base Info: Redefining graphics rule for `.eps' on input line 4
85.

(C:\Users\Bmd\AppData\Local\Programs\MiKTeX\tex/latex/00miktex\epstopdf-sys.cfg
File: epstopdf-sys.cfg 2021/03/18 v2.0 Configuration of epstopdf for MiKTeX
))
Package hyperref Info: Link coloring OFF on input line 167.
 (main.out) (main.out)
\@outlinefile=\write5
\openout5 = `main.out'.

LaTeX Font Info:    Overwriting symbol font `operators' in version `normal'
(Font)                  OT1/cmr/m/n --> OT1/cmss/m/n on input line 167.
LaTeX Font Info:    Overwriting symbol font `operators' in version `bold'
(Font)                  OT1/cmr/bx/n --> OT1/cmss/b/n on input line 167.
\symnumbers=\mathgroup6
\sympureletters=\mathgroup7
LaTeX Font Info:    Overwriting math alphabet `\mathrm' in version `normal'
(Font)                  OT1/cmss/m/n --> T1/cmr/m/n on input line 167.
LaTeX Font Info:    Redeclaring math alphabet \mathbf on input line 167.
LaTeX Font Info:    Overwriting math alphabet `\mathbf' in version `normal'
(Font)                  OT1/cmr/bx/n --> T1/cmss/b/n on input line 167.
LaTeX Font Info:    Overwriting math alphabet `\mathbf' in version `bold'
(Font)                  OT1/cmr/bx/n --> T1/cmss/b/n on input line 167.
LaTeX Font Info:    Redeclaring math alphabet \mathsf on input line 167.
LaTeX Font Info:    Overwriting math alphabet `\mathsf' in version `normal'
(Font)                  OT1/cmss/m/n --> T1/cmss/m/n on input line 167.
LaTeX Font Info:    Overwriting math alphabet `\mathsf' in version `bold'
(Font)                  OT1/cmss/bx/n --> T1/cmss/m/n on input line 167.
LaTeX Font Info:    Redeclaring math alphabet \mathit on input line 167.
LaTeX Font Info:    Overwriting math alphabet `\mathit' in version `normal'
(Font)                  OT1/cmr/m/it --> T1/cmss/m/it on input line 167.
LaTeX Font Info:    Overwriting math alphabet `\mathit' in version `bold'
(Font)                  OT1/cmr/bx/it --> T1/cmss/m/it on input line 167.
LaTeX Font Info:    Redeclaring math alphabet \mathtt on input line 167.
LaTeX Font Info:    Overwriting math alphabet `\mathtt' in version `normal'
(Font)                  OT1/cmtt/m/n --> T1/cmtt/m/n on input line 167.
LaTeX Font Info:    Overwriting math alphabet `\mathtt' in version `bold'
(Font)                  OT1/cmtt/m/n --> T1/cmtt/m/n on input line 167.
LaTeX Font Info:    Overwriting symbol font `numbers' in version `bold'
(Font)                  T1/cmss/m/n --> T1/cmss/b/n on input line 167.
LaTeX Font Info:    Overwriting symbol font `pureletters' in version `bold'
(Font)                  T1/cmss/m/it --> T1/cmss/b/it on input line 167.
LaTeX Font Info:    Overwriting math alphabet `\mathrm' in version `bold'
(Font)                  OT1/cmss/b/n --> T1/cmr/b/n on input line 167.
LaTeX Font Info:    Overwriting math alphabet `\mathbf' in version `bold'
(Font)                  T1/cmss/b/n --> T1/cmss/b/n on input line 167.
LaTeX Font Info:    Overwriting math alphabet `\mathsf' in version `bold'
(Font)                  T1/cmss/m/n --> T1/cmss/b/n on input line 167.
LaTeX Font Info:    Overwriting math alphabet `\mathit' in version `bold'
(Font)                  T1/cmss/m/it --> T1/cmss/b/it on input line 167.
LaTeX Font Info:    Overwriting math alphabet `\mathtt' in version `bold'
(Font)                  T1/cmtt/m/n --> T1/cmtt/b/n on input line 167.
LaTeX Font Info:    Redeclaring symbol font `pureletters' on input line 167.
LaTeX Font Info:    Encoding `T1' has changed to `OT1' for symbol font
(Font)              `pureletters' in the math version `normal' on input line 16
7.
LaTeX Font Info:    Overwriting symbol font `pureletters' in version `normal'
(Font)                  T1/cmss/m/it --> OT1/mathkerncmss/m/sl on input line 16
7.
LaTeX Font Info:    Encoding `T1' has changed to `OT1' for symbol font
(Font)              `pureletters' in the math version `bold' on input line 167.

LaTeX Font Info:    Overwriting symbol font `pureletters' in version `bold'
(Font)                  T1/cmss/b/it --> OT1/mathkerncmss/m/sl on input line 16
7.
LaTeX Font Info:    Overwriting symbol font `pureletters' in version `bold'
(Font)                  OT1/mathkerncmss/m/sl --> OT1/mathkerncmss/bx/sl on inp
ut line 167.

(C:\Users\Bmd\AppData\Local\Programs\MiKTeX\tex/latex/translator\translator-bas
ic-dictionary-English.dict
Dictionary: translator-basic-dictionary, Language: English 
)
(C:\Users\Bmd\AppData\Local\Programs\MiKTeX\tex/latex/translator\translator-bib
liography-dictionary-English.dict
Dictionary: translator-bibliography-dictionary, Language: English 
)
(C:\Users\Bmd\AppData\Local\Programs\MiKTeX\tex/latex/translator\translator-env
ironment-dictionary-English.dict
Dictionary: translator-environment-dictionary, Language: English 
)
(C:\Users\Bmd\AppData\Local\Programs\MiKTeX\tex/latex/translator\translator-mon
ths-dictionary-English.dict
Dictionary: translator-months-dictionary, Language: English 
)
(C:\Users\Bmd\AppData\Local\Programs\MiKTeX\tex/latex/translator\translator-num
bers-dictionary-English.dict
Dictionary: translator-numbers-dictionary, Language: English 
)
(C:\Users\Bmd\AppData\Local\Programs\MiKTeX\tex/latex/translator\translator-the
orem-dictionary-English.dict
Dictionary: translator-theorem-dictionary, Language: English 
)
LaTeX Info: Redefining \degres on input line 167.
 (main.nav)
Package babel Info: Main language set to 'french'.
<prism-uploads/ENSAE.png, id=98, 963.6pt x 542.025pt>
File: prism-uploads/ENSAE.png Graphic file (type png)
<use prism-uploads/ENSAE.png>
Package pdftex.def Info: prism-uploads/ENSAE.png  used on input line 173.
(pdftex.def)             Requested size: 227.62204pt x 128.03754pt.
File: prism-uploads/ENSAE.png Graphic file (type png)
<use prism-uploads/ENSAE.png>
Package pdftex.def Info: prism-uploads/ENSAE.png  used on input line 173.
(pdftex.def)             Requested size: 52.34386pt x 48.36661pt.
<figures/logo_itie.png, id=99, 230.8625pt x 141.52875pt>
File: figures/logo_itie.png Graphic file (type png)
<use figures/logo_itie.png>
Package pdftex.def Info: figures/logo_itie.png  used on input line 173.
(pdftex.def)             Requested size: 58.01491pt x 35.56593pt.
LaTeX Font Info:    Trying to load font information for U+msa on input line 173
.

(C:\Users\Bmd\AppData\Local\Programs\MiKTeX\tex/latex/amsfonts\umsa.fd
File: umsa.fd 2013/01/14 v3.01 AMS symbols A
)
LaTeX Font Info:    Trying to load font information for U+msb on input line 173
.

(C:\Users\Bmd\AppData\Local\Programs\MiKTeX\tex/latex/amsfonts\umsb.fd
File: umsb.fd 2013/01/14 v3.01 AMS symbols B
)
LaTeX Font Info:    Trying to load font information for OT1+mathkerncmss on inp
ut line 173.

(C:\Users\Bmd\AppData\Local\Programs\MiKTeX\tex/latex/sansmathaccent\ot1mathker
ncmss.fd
File: ot1mathkerncmss.fd 2020/01/31 Fontinst v1.933 font definitions for OT1/ma
thkerncmss.
) [1

{C:/Users/Bmd/AppData/Local/MiKTeX/fonts/map/pdftex/pdftex.map} <./prism-upload
s/ENSAE.png> <./figures/logo_itie.png>] (main.toc) [2

] [3

] [4

]
[5

]
Overfull \vbox (8.54832pt too high) detected at line 244
 []

[6

]
Overfull \vbox (8.54832pt too high) detected at line 244
 []

[7

]
Overfull \vbox (8.54832pt too high) detected at line 244
 []

[8

] [9

] [10

] [11

] [12

]

Class beamer Warning: Frame text is shrunk by a factor of 15.88898 percent inst
ead of 8 percent on input line 338.

[13

]

Class beamer Warning: Frame text is shrunk by a factor of 38.87787 percent inst
ead of 25 percent on input line 376.

[14

] [15

]
<figures/fig_evolution_ipm.pdf, id=333, 397.485pt x 289.08pt>
File: figures/fig_evolution_ipm.pdf Graphic file (type pdf)
<use figures/fig_evolution_ipm.pdf>
Package pdftex.def Info: figures/fig_evolution_ipm.pdf  used on input line 432.

(pdftex.def)             Requested size: 199.1693pt x 144.85281pt.
 [16

 <./figures/fig_evolution_ipm.pdf>]
<figures/fig_privations_dim.pdf, id=358, 397.485pt x 289.08pt>
File: figures/fig_privations_dim.pdf Graphic file (type pdf)
<use figures/fig_privations_dim.pdf>
Package pdftex.def Info: figures/fig_privations_dim.pdf  used on input line 453
.
(pdftex.def)             Requested size: 199.1693pt x 144.85281pt.
<figures/fig_pauvrete_milieu_age.pdf, id=359, 397.485pt x 289.08pt>
File: figures/fig_pauvrete_milieu_age.pdf Graphic file (type pdf)
<use figures/fig_pauvrete_milieu_age.pdf>
Package pdftex.def Info: figures/fig_pauvrete_milieu_age.pdf  used on input lin
e 453.
(pdftex.def)             Requested size: 191.20082pt x 139.05676pt.

Overfull \vbox (21.72324pt too high) detected at line 453
 []

[17

 <./figures/fig_privations_dim.pdf> <./figures/fig_pauvrete_milieu_age.pdf>]
<figures/overlap.pdf, id=401, 397.485pt x 289.08pt>
File: figures/overlap.pdf Graphic file (type pdf)
<use figures/overlap.pdf>
Package pdftex.def Info: figures/overlap.pdf  used on input line 477.
(pdftex.def)             Requested size: 207.13776pt x 150.64886pt.
[18

 <./figures/overlap.pdf>]

LaTeX Font Warning: Font shape `T1/cmss/b/n' undefined
(Font)              using `T1/cmss/m/n' instead on input line 507.


Class beamer Warning: Frame text is shrunk by a factor of 21.12427 percent inst
ead of 15 percent on input line 507.

[19

]
<figures/fig_effets_dim.pdf, id=444, 397.485pt x 289.08pt>
File: figures/fig_effets_dim.pdf Graphic file (type pdf)
<use figures/fig_effets_dim.pdf>
Package pdftex.def Info: figures/fig_effets_dim.pdf  used on input line 534.
(pdftex.def)             Requested size: 219.08743pt x 159.33855pt.

Overfull \vbox (32.59691pt too high) detected at line 534
 []

[20

 <./figures/fig_effets_dim.pdf>] [21

]
Underfull \hbox (badness 1552) in paragraph at lines 577--577
[]|\T1/cmss/m/n/10 Réduction de la pau-
 []


Underfull \hbox (badness 2970) in paragraph at lines 577--577
[]|\T1/cmss/m/n/10 PSM-DD contrôle les
 []

[22

] [23

] [24

] [25

] [26

] [27

] [28

] [29

] [30

] [31

]
Overfull \vbox (3.89813pt too high) detected at line 702
 []

[32

]
<figures/fig_carte_nmoda.pdf, id=609, 397.485pt x 289.08pt>
File: figures/fig_carte_nmoda.pdf Graphic file (type pdf)
<use figures/fig_carte_nmoda.pdf>
Package pdftex.def Info: figures/fig_carte_nmoda.pdf  used on input line 708.
(pdftex.def)             Requested size: 326.64055pt x 237.56322pt.

Overfull \vbox (66.16069pt too high) detected at line 708
 []

[33

 <./figures/fig_carte_nmoda.pdf>]
<figures/fig_carte_dim_assai.pdf, id=629, 397.485pt x 289.08pt>
File: figures/fig_carte_dim_assai.pdf Graphic file (type pdf)
<use figures/fig_carte_dim_assai.pdf>
Package pdftex.def Info: figures/fig_carte_dim_assai.pdf  used on input line 71
4.
(pdftex.def)             Requested size: 326.64055pt x 237.56322pt.

Overfull \vbox (66.16069pt too high) detected at line 714
 []

[34

 <./figures/fig_carte_dim_assai.pdf>]
<figures/fig_carte_dim_eau.pdf, id=648, 397.485pt x 289.08pt>
File: figures/fig_carte_dim_eau.pdf Graphic file (type pdf)
<use figures/fig_carte_dim_eau.pdf>
Package pdftex.def Info: figures/fig_carte_dim_eau.pdf  used on input line 720.

(pdftex.def)             Requested size: 326.64055pt x 237.56322pt.

Overfull \vbox (66.16069pt too high) detected at line 720
 []

[35

 <./figures/fig_carte_dim_eau.pdf>]
<figures/fig_carte_dim_logem.pdf, id=667, 397.485pt x 289.08pt>
File: figures/fig_carte_dim_logem.pdf Graphic file (type pdf)
<use figures/fig_carte_dim_logem.pdf>
Package pdftex.def Info: figures/fig_carte_dim_logem.pdf  used on input line 72
6.
(pdftex.def)             Requested size: 326.64055pt x 237.56322pt.

Overfull \vbox (66.16069pt too high) detected at line 726
 []

[36

 <./figures/fig_carte_dim_logem.pdf>]
<figures/fig_carte_dim_nutri.pdf, id=686, 397.485pt x 289.08pt>
File: figures/fig_carte_dim_nutri.pdf Graphic file (type pdf)
<use figures/fig_carte_dim_nutri.pdf>
Package pdftex.def Info: figures/fig_carte_dim_nutri.pdf  used on input line 73
2.
(pdftex.def)             Requested size: 326.64055pt x 237.56322pt.

Overfull \vbox (66.16069pt too high) detected at line 732
 []

[37

 <./figures/fig_carte_dim_nutri.pdf>]
<figures/fig_carte_dim_sante.pdf, id=706, 397.485pt x 289.08pt>
File: figures/fig_carte_dim_sante.pdf Graphic file (type pdf)
<use figures/fig_carte_dim_sante.pdf>
Package pdftex.def Info: figures/fig_carte_dim_sante.pdf  used on input line 73
8.
(pdftex.def)             Requested size: 326.64055pt x 237.56322pt.

Overfull \vbox (66.16069pt too high) detected at line 738
 []

[38

 <./figures/fig_carte_dim_sante.pdf>]
<figures/fig_carte_dim_protect.pdf, id=725, 397.485pt x 289.08pt>
File: figures/fig_carte_dim_protect.pdf Graphic file (type pdf)
<use figures/fig_carte_dim_protect.pdf>
Package pdftex.def Info: figures/fig_carte_dim_protect.pdf  used on input line 
744.
(pdftex.def)             Requested size: 326.64055pt x 237.56322pt.

Overfull \vbox (66.16069pt too high) detected at line 744
 []

[39

 <./figures/fig_carte_dim_protect.pdf>]
<figures/fig_carte_dim_educ.pdf, id=744, 397.485pt x 289.08pt>
File: figures/fig_carte_dim_educ.pdf Graphic file (type pdf)
<use figures/fig_carte_dim_educ.pdf>
Package pdftex.def Info: figures/fig_carte_dim_educ.pdf  used on input line 750
.
(pdftex.def)             Requested size: 326.64055pt x 237.56322pt.

Overfull \vbox (66.16069pt too high) detected at line 750
 []

[40

 <./figures/fig_carte_dim_educ.pdf>]
<figures/fig_distrib_dimensions.pdf, id=763, 397.485pt x 289.08pt>
File: figures/fig_distrib_dimensions.pdf Graphic file (type pdf)
<use figures/fig_distrib_dimensions.pdf>
Package pdftex.def Info: figures/fig_distrib_dimensions.pdf  used on input line
 759.
(pdftex.def)             Requested size: 286.80426pt x 208.59177pt.

Overfull \vbox (80.30241pt too high) detected at line 759
 []

[41

 <./figures/fig_distrib_dimensions.pdf>]
\tf@nav=\write6
\openout6 = `main.nav'.

\tf@toc=\write7
\openout7 = `main.toc'.

\tf@snm=\write8
\openout8 = `main.snm'.

 (main.aux)
 ***********
LaTeX2e <2026-06-01>
L3 programming layer <2026-06-18>
 ***********


LaTeX Font Warning: Some font shapes were not available, defaults substituted.

Package rerunfilecheck Info: File `main.out' has not changed.
(rerunfilecheck)             Checksum: 250B063B21AD6A4C3EC85E2C6F53BB86;3764.
 ) 
Here is how much of TeX's memory you used:
 30047 strings out of 467510
 619492 string characters out of 5409766
 1049340 words of memory out of 5000000
 58567 multiletter control sequences out of 15000+600000
 651059 words of font info for 88 fonts, out of 8000000 for 9000
 1141 hyphenation exceptions out of 8191
 128i,15n,123p,381b,820s stack positions out of 10000i,1000n,20000p,200000b,200000s
 <C:\Users\Bmd\AppData\Local\MiKTeX\fonts/pk/ljfour/jknappen/ec/dpi600\ecss08
00.pk> <C:\Users\Bmd\AppData\Local\MiKTeX\fonts/pk/ljfour/jknappen/ec/dpi600\ec
si0700.pk> <C:\Users\Bmd\AppData\Local\MiKTeX\fonts/pk/ljfour/jknappen/ec/dpi60
0\ecsi0900.pk> <C:\Users\Bmd\AppData\Local\MiKTeX\fonts/pk/ljfour/jknappen/ec/d
pi600\ecsx2488.pk> <C:\Users\Bmd\AppData\Local\MiKTeX\fonts/pk/ljfour/jknappen/
ec/dpi600\ecsi1000.pk> <C:\Users\Bmd\AppData\Local\MiKTeX\fonts/pk/ljfour/jknap
pen/ec/dpi600\ecso1200.pk> <C:\Users\Bmd\AppData\Local\MiKTeX\fonts/pk/ljfour/j
knappen/ec/dpi600\ecsi1200.pk> <C:\Users\Bmd\AppData\Local\MiKTeX\fonts/pk/ljfo
ur/jknappen/ec/dpi600\ecsx1000.pk> <C:\Users\Bmd\AppData\Local\MiKTeX\fonts/pk/
ljfour/jknappen/ec/dpi600\ecss1000.pk> <C:\Users\Bmd\AppData\Local\MiKTeX\fonts
/pk/ljfour/jknappen/ec/dpi600\ecss1440.pk> <C:\Users\Bmd\AppData\Local\MiKTeX\f
onts/pk/ljfour/jknappen/ec/dpi600\ecss0500.pk> <C:\Users\Bmd\AppData\Local\MiKT
eX\fonts/pk/ljfour/jknappen/ec/dpi600\ecsx0900.pk> <C:\Users\Bmd\AppData\Local\
MiKTeX\fonts/pk/ljfour/jknappen/ec/dpi600\ecss0700.pk> <C:\Users\Bmd\AppData\Lo
cal\MiKTeX\fonts/pk/ljfour/jknappen/ec/dpi600\ecsx1440.pk> <C:\Users\Bmd\AppDat
a\Local\MiKTeX\fonts/pk/ljfour/jknappen/ec/dpi600\ecss0900.pk> <C:\Users\Bmd\Ap
pData\Local\MiKTeX\fonts/pk/ljfour/jknappen/ec/dpi600\ecsx0700.pk><C:/Users/Bmd
/AppData/Local/Programs/MiKTeX/fonts/type1/public/amsfonts/cm/cmex10.pfb><C:/Us
ers/Bmd/AppData/Local/Programs/MiKTeX/fonts/type1/public/amsfonts/cm/cmmi10.pfb
><C:/Users/Bmd/AppData/Local/Programs/MiKTeX/fonts/type1/public/amsfonts/cm/cmm
i7.pfb><C:/Users/Bmd/AppData/Local/Programs/MiKTeX/fonts/type1/public/amsfonts/
cm/cmss10.pfb><C:/Users/Bmd/AppData/Local/Programs/MiKTeX/fonts/type1/public/am
sfonts/cm/cmss8.pfb><C:/Users/Bmd/AppData/Local/Programs/MiKTeX/fonts/type1/pub
lic/amsfonts/cm/cmssi10.pfb><C:/Users/Bmd/AppData/Local/Programs/MiKTeX/fonts/t
ype1/public/amsfonts/cm/cmssi8.pfb><C:/Users/Bmd/AppData/Local/Programs/MiKTeX/
fonts/type1/public/amsfonts/cm/cmsy10.pfb><C:/Users/Bmd/AppData/Local/Programs/
MiKTeX/fonts/type1/public/amsfonts/cm/cmsy7.pfb><C:/Users/Bmd/AppData/Local/Pro
grams/MiKTeX/fonts/type1/public/amsfonts/symbols/msam10.pfb><C:/Users/Bmd/AppDa
ta/Local/Programs/MiKTeX/fonts/type1/public/amsfonts/symbols/msam7.pfb><C:/User
s/Bmd/AppData/Local/Programs/MiKTeX/fonts/type1/public/amsfonts/symbols/msbm10.
pfb>
Output written on main.pdf (41 pages, 4868400 bytes).
PDF statistics:
 1440 PDF objects out of 1440 (max. 8388607)
 112 named destinations out of 1000 (max. 500000)
 303 words of extra memory for PDF output out of 10000 (max. 10000000)

